---
source: crates/cli/tests/snapshots.rs
assertion_line: 28
expression: json
---
[
  {
    "chars": 78,
    "ext": "rs",
    "is_binary": false,
    "lines": 4,
    "mtime": "[MTIME]",
    "name": "sample.rs",
    "path": "tests/fixtures/sample.rs",
    "size": 86,
    "sloc": null,
    "words": null
  }
]
