---
source: crates/cli/tests/snapshots.rs
assertion_line: 14
expression: stdout
---
ファイル行数/文字数/単語数の集計ツール

Usage: count_lines [OPTIONS] [PATHS]...

Options:
  -h, --help     Print help
  -V, --version  Print version

出力:
      --format <FORMAT>          出力フォーマット [default: table] [possible values: table, csv, tsv, json, yaml, md, jsonl]
      --sort <SORT>              ソートキー（複数可, 例: lines:desc,chars:desc,name） [default: lines]
      --total-row                CSV/TSV 末尾に TOTAL 行を出力
      --count-newlines-in-chars  改行も文字数に含める
      --progress                 進捗表示

フィルタ:
      --include <INCLUDE>          
      --exclude <EXCLUDE>          
      --ext <EXT>                  
      --max-size <MAX_SIZE>        
      --min-size <MIN_SIZE>        
      --min-lines <MIN_LINES>      
      --max-lines <MAX_LINES>      
      --min-chars <MIN_CHARS>      
      --max-chars <MAX_CHARS>      
      --words                      
      --sloc                       
      --min-words <MIN_WORDS>      
      --max-words <MAX_WORDS>      
      --mtime-since <MTIME_SINCE>  
      --mtime-until <MTIME_UNTIL>  
      --map-ext <MAP_EXT>          拡張子と言語の紐づけ (例: h=cpp, mylang=sh)

走査/入力:
      --hidden                               
      --follow                               
      --no-gitignore                         
      --jobs <JOBS>                          
      --max-depth <MAX_DEPTH>                
      --walk-threads <WALK_THREADS>          
      --override-include <OVERRIDE_INCLUDE>  
      --override-exclude <OVERRIDE_EXCLUDE>  
  [PATHS]...                                 対象パス

動作:
      --strict                       
  -w, --watch                        
      --watch-output <WATCH_OUTPUT>  [default: full] [possible values: full, jsonl]

ウォッチング:
      --watch-interval <WATCH_INTERVAL>  

比較:
      --compare <OLD> <NEW>
